

================================================================
== Vivado HLS Report for 'ShiftRows59'
================================================================
* Date:           Sun Jan  2 15:59:38 2022

* Version:        2018.3 (Build 2405991 on Thu Dec 06 23:56:15 MST 2018)
* Project:        aes
* Solution:       solution1
* Product family: zynq
* Target device:  xc7z020clg484-1


================================================================
== Performance Estimates
================================================================
+ Timing (ns): 
    * Summary: 
    +--------+-------+----------+------------+
    |  Clock | Target| Estimated| Uncertainty|
    +--------+-------+----------+------------+
    |ap_clk  |  10.00|     4.644|        1.25|
    +--------+-------+----------+------------+

+ Latency (clock cycles): 
    * Summary: 
    +-----+-----+-----+-----+---------+
    |  Latency  |  Interval | Pipeline|
    | min | max | min | max |   Type  |
    +-----+-----+-----+-----+---------+
    |    8|    8|    8|    8|   none  |
    +-----+-----+-----+-----+---------+

    + Detail: 
        * Instance: 
        N/A

        * Loop: 
        N/A

============================================================
+ Verbose Summary: Synthesis Manager
============================================================
InlineROM: 1
ExposeGlobal: 0
============================================================
+ Verbose Summary: CDFG Model
============================================================
IsTopModel: 0
ResetActiveHigh: 1
IsCombinational: 2
IsDatapathOnly: 0
HasWiredReturn: 1
HasMFsm: 0
HasVarLatency: 1
IsPipeline: 0
IsRtlPipelined: 0
IsInstanceOverlapped: 0
IsDontTouch: 0
HasImplIP: 0
IsGatedGlobalClock: 0


============================================================
+ Verbose Summary: Schedule
============================================================
* Number of FSM states : 9
* Pipeline : 0
* Dataflow Pipeline: 0

* FSM state transitions: 
1 --> 
	2  / true
2 --> 
	3  / true
3 --> 
	4  / true
4 --> 
	5  / true
5 --> 
	6  / true
6 --> 
	7  / true
7 --> 
	8  / true
8 --> 
	9  / true
9 --> 

* FSM state operations: 

State 1 <SV = 0> <Delay = 2.32>
ST_1 : Operation 10 [1/1] (0.00ns)   --->   "%in_V_addr_1 = getelementptr [16 x i8]* %in_V, i64 0, i64 1" [../src/AES_encrypt.cpp:22]   --->   Operation 10 'getelementptr' 'in_V_addr_1' <Predicate = true> <Delay = 0.00>
ST_1 : Operation 11 [2/2] (2.32ns)   --->   "%in_V_load = load i8* %in_V_addr_1, align 1" [../src/AES_encrypt.cpp:22]   --->   Operation 11 'load' 'in_V_load' <Predicate = true> <Delay = 2.32> <Core = "RAM">   --->   Core 37 'RAM' <Latency = 1> <II = 1> <Delay = 2.32> <Storage> <Opcode : 'load' 'store'> <Ports = 2> <Width = 8> <Depth = 16> <RAM>
ST_1 : Operation 12 [1/1] (0.00ns)   --->   "%in_V_addr_2 = getelementptr [16 x i8]* %in_V, i64 0, i64 5" [../src/AES_encrypt.cpp:23]   --->   Operation 12 'getelementptr' 'in_V_addr_2' <Predicate = true> <Delay = 0.00>
ST_1 : Operation 13 [2/2] (2.32ns)   --->   "%in_V_load_1 = load i8* %in_V_addr_2, align 1" [../src/AES_encrypt.cpp:23]   --->   Operation 13 'load' 'in_V_load_1' <Predicate = true> <Delay = 2.32> <Core = "RAM">   --->   Core 37 'RAM' <Latency = 1> <II = 1> <Delay = 2.32> <Storage> <Opcode : 'load' 'store'> <Ports = 2> <Width = 8> <Depth = 16> <RAM>

State 2 <SV = 1> <Delay = 4.64>
ST_2 : Operation 14 [1/2] (2.32ns)   --->   "%in_V_load = load i8* %in_V_addr_1, align 1" [../src/AES_encrypt.cpp:22]   --->   Operation 14 'load' 'in_V_load' <Predicate = true> <Delay = 2.32> <Core = "RAM">   --->   Core 37 'RAM' <Latency = 1> <II = 1> <Delay = 2.32> <Storage> <Opcode : 'load' 'store'> <Ports = 2> <Width = 8> <Depth = 16> <RAM>
ST_2 : Operation 15 [1/1] (0.00ns)   --->   "%out_V_addr_1 = getelementptr [16 x i8]* %out_V, i64 0, i64 13" [../src/AES_encrypt.cpp:22]   --->   Operation 15 'getelementptr' 'out_V_addr_1' <Predicate = true> <Delay = 0.00>
ST_2 : Operation 16 [1/1] (2.32ns)   --->   "store i8 %in_V_load, i8* %out_V_addr_1, align 1" [../src/AES_encrypt.cpp:22]   --->   Operation 16 'store' <Predicate = true> <Delay = 2.32> <Core = "RAM">   --->   Core 37 'RAM' <Latency = 1> <II = 1> <Delay = 2.32> <Storage> <Opcode : 'load' 'store'> <Ports = 2> <Width = 8> <Depth = 16> <RAM>
ST_2 : Operation 17 [1/2] (2.32ns)   --->   "%in_V_load_1 = load i8* %in_V_addr_2, align 1" [../src/AES_encrypt.cpp:23]   --->   Operation 17 'load' 'in_V_load_1' <Predicate = true> <Delay = 2.32> <Core = "RAM">   --->   Core 37 'RAM' <Latency = 1> <II = 1> <Delay = 2.32> <Storage> <Opcode : 'load' 'store'> <Ports = 2> <Width = 8> <Depth = 16> <RAM>
ST_2 : Operation 18 [1/1] (0.00ns)   --->   "%out_V_addr_2 = getelementptr [16 x i8]* %out_V, i64 0, i64 1" [../src/AES_encrypt.cpp:23]   --->   Operation 18 'getelementptr' 'out_V_addr_2' <Predicate = true> <Delay = 0.00>
ST_2 : Operation 19 [1/1] (2.32ns)   --->   "store i8 %in_V_load_1, i8* %out_V_addr_2, align 1" [../src/AES_encrypt.cpp:23]   --->   Operation 19 'store' <Predicate = true> <Delay = 2.32> <Core = "RAM">   --->   Core 37 'RAM' <Latency = 1> <II = 1> <Delay = 2.32> <Storage> <Opcode : 'load' 'store'> <Ports = 2> <Width = 8> <Depth = 16> <RAM>
ST_2 : Operation 20 [1/1] (0.00ns)   --->   "%in_V_addr_3 = getelementptr [16 x i8]* %in_V, i64 0, i64 9" [../src/AES_encrypt.cpp:24]   --->   Operation 20 'getelementptr' 'in_V_addr_3' <Predicate = true> <Delay = 0.00>
ST_2 : Operation 21 [2/2] (2.32ns)   --->   "%in_V_load_2 = load i8* %in_V_addr_3, align 1" [../src/AES_encrypt.cpp:24]   --->   Operation 21 'load' 'in_V_load_2' <Predicate = true> <Delay = 2.32> <Core = "RAM">   --->   Core 37 'RAM' <Latency = 1> <II = 1> <Delay = 2.32> <Storage> <Opcode : 'load' 'store'> <Ports = 2> <Width = 8> <Depth = 16> <RAM>
ST_2 : Operation 22 [1/1] (0.00ns)   --->   "%in_V_addr_4 = getelementptr [16 x i8]* %in_V, i64 0, i64 13" [../src/AES_encrypt.cpp:25]   --->   Operation 22 'getelementptr' 'in_V_addr_4' <Predicate = true> <Delay = 0.00>
ST_2 : Operation 23 [2/2] (2.32ns)   --->   "%in_V_load_3 = load i8* %in_V_addr_4, align 1" [../src/AES_encrypt.cpp:25]   --->   Operation 23 'load' 'in_V_load_3' <Predicate = true> <Delay = 2.32> <Core = "RAM">   --->   Core 37 'RAM' <Latency = 1> <II = 1> <Delay = 2.32> <Storage> <Opcode : 'load' 'store'> <Ports = 2> <Width = 8> <Depth = 16> <RAM>

State 3 <SV = 2> <Delay = 4.64>
ST_3 : Operation 24 [1/2] (2.32ns)   --->   "%in_V_load_2 = load i8* %in_V_addr_3, align 1" [../src/AES_encrypt.cpp:24]   --->   Operation 24 'load' 'in_V_load_2' <Predicate = true> <Delay = 2.32> <Core = "RAM">   --->   Core 37 'RAM' <Latency = 1> <II = 1> <Delay = 2.32> <Storage> <Opcode : 'load' 'store'> <Ports = 2> <Width = 8> <Depth = 16> <RAM>
ST_3 : Operation 25 [1/1] (0.00ns)   --->   "%out_V_addr_3 = getelementptr [16 x i8]* %out_V, i64 0, i64 5" [../src/AES_encrypt.cpp:24]   --->   Operation 25 'getelementptr' 'out_V_addr_3' <Predicate = true> <Delay = 0.00>
ST_3 : Operation 26 [1/1] (2.32ns)   --->   "store i8 %in_V_load_2, i8* %out_V_addr_3, align 1" [../src/AES_encrypt.cpp:24]   --->   Operation 26 'store' <Predicate = true> <Delay = 2.32> <Core = "RAM">   --->   Core 37 'RAM' <Latency = 1> <II = 1> <Delay = 2.32> <Storage> <Opcode : 'load' 'store'> <Ports = 2> <Width = 8> <Depth = 16> <RAM>
ST_3 : Operation 27 [1/2] (2.32ns)   --->   "%in_V_load_3 = load i8* %in_V_addr_4, align 1" [../src/AES_encrypt.cpp:25]   --->   Operation 27 'load' 'in_V_load_3' <Predicate = true> <Delay = 2.32> <Core = "RAM">   --->   Core 37 'RAM' <Latency = 1> <II = 1> <Delay = 2.32> <Storage> <Opcode : 'load' 'store'> <Ports = 2> <Width = 8> <Depth = 16> <RAM>
ST_3 : Operation 28 [1/1] (0.00ns)   --->   "%out_V_addr_4 = getelementptr [16 x i8]* %out_V, i64 0, i64 9" [../src/AES_encrypt.cpp:25]   --->   Operation 28 'getelementptr' 'out_V_addr_4' <Predicate = true> <Delay = 0.00>
ST_3 : Operation 29 [1/1] (2.32ns)   --->   "store i8 %in_V_load_3, i8* %out_V_addr_4, align 1" [../src/AES_encrypt.cpp:25]   --->   Operation 29 'store' <Predicate = true> <Delay = 2.32> <Core = "RAM">   --->   Core 37 'RAM' <Latency = 1> <II = 1> <Delay = 2.32> <Storage> <Opcode : 'load' 'store'> <Ports = 2> <Width = 8> <Depth = 16> <RAM>
ST_3 : Operation 30 [1/1] (0.00ns)   --->   "%in_V_addr_5 = getelementptr [16 x i8]* %in_V, i64 0, i64 2" [../src/AES_encrypt.cpp:28]   --->   Operation 30 'getelementptr' 'in_V_addr_5' <Predicate = true> <Delay = 0.00>
ST_3 : Operation 31 [2/2] (2.32ns)   --->   "%in_V_load_4 = load i8* %in_V_addr_5, align 1" [../src/AES_encrypt.cpp:28]   --->   Operation 31 'load' 'in_V_load_4' <Predicate = true> <Delay = 2.32> <Core = "RAM">   --->   Core 37 'RAM' <Latency = 1> <II = 1> <Delay = 2.32> <Storage> <Opcode : 'load' 'store'> <Ports = 2> <Width = 8> <Depth = 16> <RAM>
ST_3 : Operation 32 [1/1] (0.00ns)   --->   "%in_V_addr_6 = getelementptr [16 x i8]* %in_V, i64 0, i64 10" [../src/AES_encrypt.cpp:29]   --->   Operation 32 'getelementptr' 'in_V_addr_6' <Predicate = true> <Delay = 0.00>
ST_3 : Operation 33 [2/2] (2.32ns)   --->   "%in_V_load_5 = load i8* %in_V_addr_6, align 1" [../src/AES_encrypt.cpp:29]   --->   Operation 33 'load' 'in_V_load_5' <Predicate = true> <Delay = 2.32> <Core = "RAM">   --->   Core 37 'RAM' <Latency = 1> <II = 1> <Delay = 2.32> <Storage> <Opcode : 'load' 'store'> <Ports = 2> <Width = 8> <Depth = 16> <RAM>

State 4 <SV = 3> <Delay = 4.64>
ST_4 : Operation 34 [1/2] (2.32ns)   --->   "%in_V_load_4 = load i8* %in_V_addr_5, align 1" [../src/AES_encrypt.cpp:28]   --->   Operation 34 'load' 'in_V_load_4' <Predicate = true> <Delay = 2.32> <Core = "RAM">   --->   Core 37 'RAM' <Latency = 1> <II = 1> <Delay = 2.32> <Storage> <Opcode : 'load' 'store'> <Ports = 2> <Width = 8> <Depth = 16> <RAM>
ST_4 : Operation 35 [1/1] (0.00ns)   --->   "%out_V_addr_5 = getelementptr [16 x i8]* %out_V, i64 0, i64 10" [../src/AES_encrypt.cpp:28]   --->   Operation 35 'getelementptr' 'out_V_addr_5' <Predicate = true> <Delay = 0.00>
ST_4 : Operation 36 [1/1] (2.32ns)   --->   "store i8 %in_V_load_4, i8* %out_V_addr_5, align 1" [../src/AES_encrypt.cpp:28]   --->   Operation 36 'store' <Predicate = true> <Delay = 2.32> <Core = "RAM">   --->   Core 37 'RAM' <Latency = 1> <II = 1> <Delay = 2.32> <Storage> <Opcode : 'load' 'store'> <Ports = 2> <Width = 8> <Depth = 16> <RAM>
ST_4 : Operation 37 [1/2] (2.32ns)   --->   "%in_V_load_5 = load i8* %in_V_addr_6, align 1" [../src/AES_encrypt.cpp:29]   --->   Operation 37 'load' 'in_V_load_5' <Predicate = true> <Delay = 2.32> <Core = "RAM">   --->   Core 37 'RAM' <Latency = 1> <II = 1> <Delay = 2.32> <Storage> <Opcode : 'load' 'store'> <Ports = 2> <Width = 8> <Depth = 16> <RAM>
ST_4 : Operation 38 [1/1] (0.00ns)   --->   "%out_V_addr_6 = getelementptr [16 x i8]* %out_V, i64 0, i64 2" [../src/AES_encrypt.cpp:29]   --->   Operation 38 'getelementptr' 'out_V_addr_6' <Predicate = true> <Delay = 0.00>
ST_4 : Operation 39 [1/1] (2.32ns)   --->   "store i8 %in_V_load_5, i8* %out_V_addr_6, align 1" [../src/AES_encrypt.cpp:29]   --->   Operation 39 'store' <Predicate = true> <Delay = 2.32> <Core = "RAM">   --->   Core 37 'RAM' <Latency = 1> <II = 1> <Delay = 2.32> <Storage> <Opcode : 'load' 'store'> <Ports = 2> <Width = 8> <Depth = 16> <RAM>
ST_4 : Operation 40 [1/1] (0.00ns)   --->   "%in_V_addr_7 = getelementptr [16 x i8]* %in_V, i64 0, i64 6" [../src/AES_encrypt.cpp:30]   --->   Operation 40 'getelementptr' 'in_V_addr_7' <Predicate = true> <Delay = 0.00>
ST_4 : Operation 41 [2/2] (2.32ns)   --->   "%in_V_load_6 = load i8* %in_V_addr_7, align 1" [../src/AES_encrypt.cpp:30]   --->   Operation 41 'load' 'in_V_load_6' <Predicate = true> <Delay = 2.32> <Core = "RAM">   --->   Core 37 'RAM' <Latency = 1> <II = 1> <Delay = 2.32> <Storage> <Opcode : 'load' 'store'> <Ports = 2> <Width = 8> <Depth = 16> <RAM>
ST_4 : Operation 42 [1/1] (0.00ns)   --->   "%in_V_addr_8 = getelementptr [16 x i8]* %in_V, i64 0, i64 14" [../src/AES_encrypt.cpp:31]   --->   Operation 42 'getelementptr' 'in_V_addr_8' <Predicate = true> <Delay = 0.00>
ST_4 : Operation 43 [2/2] (2.32ns)   --->   "%in_V_load_7 = load i8* %in_V_addr_8, align 1" [../src/AES_encrypt.cpp:31]   --->   Operation 43 'load' 'in_V_load_7' <Predicate = true> <Delay = 2.32> <Core = "RAM">   --->   Core 37 'RAM' <Latency = 1> <II = 1> <Delay = 2.32> <Storage> <Opcode : 'load' 'store'> <Ports = 2> <Width = 8> <Depth = 16> <RAM>

State 5 <SV = 4> <Delay = 4.64>
ST_5 : Operation 44 [1/2] (2.32ns)   --->   "%in_V_load_6 = load i8* %in_V_addr_7, align 1" [../src/AES_encrypt.cpp:30]   --->   Operation 44 'load' 'in_V_load_6' <Predicate = true> <Delay = 2.32> <Core = "RAM">   --->   Core 37 'RAM' <Latency = 1> <II = 1> <Delay = 2.32> <Storage> <Opcode : 'load' 'store'> <Ports = 2> <Width = 8> <Depth = 16> <RAM>
ST_5 : Operation 45 [1/1] (0.00ns)   --->   "%out_V_addr_7 = getelementptr [16 x i8]* %out_V, i64 0, i64 14" [../src/AES_encrypt.cpp:30]   --->   Operation 45 'getelementptr' 'out_V_addr_7' <Predicate = true> <Delay = 0.00>
ST_5 : Operation 46 [1/1] (2.32ns)   --->   "store i8 %in_V_load_6, i8* %out_V_addr_7, align 1" [../src/AES_encrypt.cpp:30]   --->   Operation 46 'store' <Predicate = true> <Delay = 2.32> <Core = "RAM">   --->   Core 37 'RAM' <Latency = 1> <II = 1> <Delay = 2.32> <Storage> <Opcode : 'load' 'store'> <Ports = 2> <Width = 8> <Depth = 16> <RAM>
ST_5 : Operation 47 [1/2] (2.32ns)   --->   "%in_V_load_7 = load i8* %in_V_addr_8, align 1" [../src/AES_encrypt.cpp:31]   --->   Operation 47 'load' 'in_V_load_7' <Predicate = true> <Delay = 2.32> <Core = "RAM">   --->   Core 37 'RAM' <Latency = 1> <II = 1> <Delay = 2.32> <Storage> <Opcode : 'load' 'store'> <Ports = 2> <Width = 8> <Depth = 16> <RAM>
ST_5 : Operation 48 [1/1] (0.00ns)   --->   "%out_V_addr_8 = getelementptr [16 x i8]* %out_V, i64 0, i64 6" [../src/AES_encrypt.cpp:31]   --->   Operation 48 'getelementptr' 'out_V_addr_8' <Predicate = true> <Delay = 0.00>
ST_5 : Operation 49 [1/1] (2.32ns)   --->   "store i8 %in_V_load_7, i8* %out_V_addr_8, align 1" [../src/AES_encrypt.cpp:31]   --->   Operation 49 'store' <Predicate = true> <Delay = 2.32> <Core = "RAM">   --->   Core 37 'RAM' <Latency = 1> <II = 1> <Delay = 2.32> <Storage> <Opcode : 'load' 'store'> <Ports = 2> <Width = 8> <Depth = 16> <RAM>
ST_5 : Operation 50 [1/1] (0.00ns)   --->   "%in_V_addr_9 = getelementptr [16 x i8]* %in_V, i64 0, i64 3" [../src/AES_encrypt.cpp:34]   --->   Operation 50 'getelementptr' 'in_V_addr_9' <Predicate = true> <Delay = 0.00>
ST_5 : Operation 51 [2/2] (2.32ns)   --->   "%in_V_load_8 = load i8* %in_V_addr_9, align 1" [../src/AES_encrypt.cpp:34]   --->   Operation 51 'load' 'in_V_load_8' <Predicate = true> <Delay = 2.32> <Core = "RAM">   --->   Core 37 'RAM' <Latency = 1> <II = 1> <Delay = 2.32> <Storage> <Opcode : 'load' 'store'> <Ports = 2> <Width = 8> <Depth = 16> <RAM>
ST_5 : Operation 52 [1/1] (0.00ns)   --->   "%in_V_addr_10 = getelementptr [16 x i8]* %in_V, i64 0, i64 15" [../src/AES_encrypt.cpp:35]   --->   Operation 52 'getelementptr' 'in_V_addr_10' <Predicate = true> <Delay = 0.00>
ST_5 : Operation 53 [2/2] (2.32ns)   --->   "%in_V_load_9 = load i8* %in_V_addr_10, align 1" [../src/AES_encrypt.cpp:35]   --->   Operation 53 'load' 'in_V_load_9' <Predicate = true> <Delay = 2.32> <Core = "RAM">   --->   Core 37 'RAM' <Latency = 1> <II = 1> <Delay = 2.32> <Storage> <Opcode : 'load' 'store'> <Ports = 2> <Width = 8> <Depth = 16> <RAM>

State 6 <SV = 5> <Delay = 4.64>
ST_6 : Operation 54 [1/2] (2.32ns)   --->   "%in_V_load_8 = load i8* %in_V_addr_9, align 1" [../src/AES_encrypt.cpp:34]   --->   Operation 54 'load' 'in_V_load_8' <Predicate = true> <Delay = 2.32> <Core = "RAM">   --->   Core 37 'RAM' <Latency = 1> <II = 1> <Delay = 2.32> <Storage> <Opcode : 'load' 'store'> <Ports = 2> <Width = 8> <Depth = 16> <RAM>
ST_6 : Operation 55 [1/1] (0.00ns)   --->   "%out_V_addr_9 = getelementptr [16 x i8]* %out_V, i64 0, i64 7" [../src/AES_encrypt.cpp:34]   --->   Operation 55 'getelementptr' 'out_V_addr_9' <Predicate = true> <Delay = 0.00>
ST_6 : Operation 56 [1/1] (2.32ns)   --->   "store i8 %in_V_load_8, i8* %out_V_addr_9, align 1" [../src/AES_encrypt.cpp:34]   --->   Operation 56 'store' <Predicate = true> <Delay = 2.32> <Core = "RAM">   --->   Core 37 'RAM' <Latency = 1> <II = 1> <Delay = 2.32> <Storage> <Opcode : 'load' 'store'> <Ports = 2> <Width = 8> <Depth = 16> <RAM>
ST_6 : Operation 57 [1/2] (2.32ns)   --->   "%in_V_load_9 = load i8* %in_V_addr_10, align 1" [../src/AES_encrypt.cpp:35]   --->   Operation 57 'load' 'in_V_load_9' <Predicate = true> <Delay = 2.32> <Core = "RAM">   --->   Core 37 'RAM' <Latency = 1> <II = 1> <Delay = 2.32> <Storage> <Opcode : 'load' 'store'> <Ports = 2> <Width = 8> <Depth = 16> <RAM>
ST_6 : Operation 58 [1/1] (0.00ns)   --->   "%out_V_addr_10 = getelementptr [16 x i8]* %out_V, i64 0, i64 3" [../src/AES_encrypt.cpp:35]   --->   Operation 58 'getelementptr' 'out_V_addr_10' <Predicate = true> <Delay = 0.00>
ST_6 : Operation 59 [1/1] (2.32ns)   --->   "store i8 %in_V_load_9, i8* %out_V_addr_10, align 1" [../src/AES_encrypt.cpp:35]   --->   Operation 59 'store' <Predicate = true> <Delay = 2.32> <Core = "RAM">   --->   Core 37 'RAM' <Latency = 1> <II = 1> <Delay = 2.32> <Storage> <Opcode : 'load' 'store'> <Ports = 2> <Width = 8> <Depth = 16> <RAM>
ST_6 : Operation 60 [1/1] (0.00ns)   --->   "%in_V_addr_11 = getelementptr [16 x i8]* %in_V, i64 0, i64 11" [../src/AES_encrypt.cpp:36]   --->   Operation 60 'getelementptr' 'in_V_addr_11' <Predicate = true> <Delay = 0.00>
ST_6 : Operation 61 [2/2] (2.32ns)   --->   "%in_V_load_10 = load i8* %in_V_addr_11, align 1" [../src/AES_encrypt.cpp:36]   --->   Operation 61 'load' 'in_V_load_10' <Predicate = true> <Delay = 2.32> <Core = "RAM">   --->   Core 37 'RAM' <Latency = 1> <II = 1> <Delay = 2.32> <Storage> <Opcode : 'load' 'store'> <Ports = 2> <Width = 8> <Depth = 16> <RAM>
ST_6 : Operation 62 [1/1] (0.00ns)   --->   "%in_V_addr_12 = getelementptr [16 x i8]* %in_V, i64 0, i64 7" [../src/AES_encrypt.cpp:37]   --->   Operation 62 'getelementptr' 'in_V_addr_12' <Predicate = true> <Delay = 0.00>
ST_6 : Operation 63 [2/2] (2.32ns)   --->   "%in_V_load_11 = load i8* %in_V_addr_12, align 1" [../src/AES_encrypt.cpp:37]   --->   Operation 63 'load' 'in_V_load_11' <Predicate = true> <Delay = 2.32> <Core = "RAM">   --->   Core 37 'RAM' <Latency = 1> <II = 1> <Delay = 2.32> <Storage> <Opcode : 'load' 'store'> <Ports = 2> <Width = 8> <Depth = 16> <RAM>

State 7 <SV = 6> <Delay = 4.64>
ST_7 : Operation 64 [1/1] (0.00ns)   --->   "%in_V_addr = getelementptr [16 x i8]* %in_V, i64 0, i64 0" [../src/AES_encrypt.cpp:17]   --->   Operation 64 'getelementptr' 'in_V_addr' <Predicate = true> <Delay = 0.00>
ST_7 : Operation 65 [1/2] (2.32ns)   --->   "%in_V_load_10 = load i8* %in_V_addr_11, align 1" [../src/AES_encrypt.cpp:36]   --->   Operation 65 'load' 'in_V_load_10' <Predicate = true> <Delay = 2.32> <Core = "RAM">   --->   Core 37 'RAM' <Latency = 1> <II = 1> <Delay = 2.32> <Storage> <Opcode : 'load' 'store'> <Ports = 2> <Width = 8> <Depth = 16> <RAM>
ST_7 : Operation 66 [1/1] (0.00ns)   --->   "%out_V_addr_11 = getelementptr [16 x i8]* %out_V, i64 0, i64 15" [../src/AES_encrypt.cpp:36]   --->   Operation 66 'getelementptr' 'out_V_addr_11' <Predicate = true> <Delay = 0.00>
ST_7 : Operation 67 [1/1] (2.32ns)   --->   "store i8 %in_V_load_10, i8* %out_V_addr_11, align 1" [../src/AES_encrypt.cpp:36]   --->   Operation 67 'store' <Predicate = true> <Delay = 2.32> <Core = "RAM">   --->   Core 37 'RAM' <Latency = 1> <II = 1> <Delay = 2.32> <Storage> <Opcode : 'load' 'store'> <Ports = 2> <Width = 8> <Depth = 16> <RAM>
ST_7 : Operation 68 [1/2] (2.32ns)   --->   "%in_V_load_11 = load i8* %in_V_addr_12, align 1" [../src/AES_encrypt.cpp:37]   --->   Operation 68 'load' 'in_V_load_11' <Predicate = true> <Delay = 2.32> <Core = "RAM">   --->   Core 37 'RAM' <Latency = 1> <II = 1> <Delay = 2.32> <Storage> <Opcode : 'load' 'store'> <Ports = 2> <Width = 8> <Depth = 16> <RAM>
ST_7 : Operation 69 [1/1] (0.00ns)   --->   "%out_V_addr_12 = getelementptr [16 x i8]* %out_V, i64 0, i64 11" [../src/AES_encrypt.cpp:37]   --->   Operation 69 'getelementptr' 'out_V_addr_12' <Predicate = true> <Delay = 0.00>
ST_7 : Operation 70 [1/1] (2.32ns)   --->   "store i8 %in_V_load_11, i8* %out_V_addr_12, align 1" [../src/AES_encrypt.cpp:37]   --->   Operation 70 'store' <Predicate = true> <Delay = 2.32> <Core = "RAM">   --->   Core 37 'RAM' <Latency = 1> <II = 1> <Delay = 2.32> <Storage> <Opcode : 'load' 'store'> <Ports = 2> <Width = 8> <Depth = 16> <RAM>
ST_7 : Operation 71 [2/2] (2.32ns)   --->   "%in_V_load_12 = load i8* %in_V_addr, align 1" [../src/AES_encrypt.cpp:40]   --->   Operation 71 'load' 'in_V_load_12' <Predicate = true> <Delay = 2.32> <Core = "RAM">   --->   Core 37 'RAM' <Latency = 1> <II = 1> <Delay = 2.32> <Storage> <Opcode : 'load' 'store'> <Ports = 2> <Width = 8> <Depth = 16> <RAM>
ST_7 : Operation 72 [1/1] (0.00ns)   --->   "%in_V_addr_13 = getelementptr [16 x i8]* %in_V, i64 0, i64 4" [../src/AES_encrypt.cpp:41]   --->   Operation 72 'getelementptr' 'in_V_addr_13' <Predicate = true> <Delay = 0.00>
ST_7 : Operation 73 [2/2] (2.32ns)   --->   "%in_V_load_13 = load i8* %in_V_addr_13, align 1" [../src/AES_encrypt.cpp:41]   --->   Operation 73 'load' 'in_V_load_13' <Predicate = true> <Delay = 2.32> <Core = "RAM">   --->   Core 37 'RAM' <Latency = 1> <II = 1> <Delay = 2.32> <Storage> <Opcode : 'load' 'store'> <Ports = 2> <Width = 8> <Depth = 16> <RAM>

State 8 <SV = 7> <Delay = 4.64>
ST_8 : Operation 74 [1/1] (0.00ns)   --->   "%out_V_addr = getelementptr [16 x i8]* %out_V, i64 0, i64 0" [../src/AES_encrypt.cpp:17]   --->   Operation 74 'getelementptr' 'out_V_addr' <Predicate = true> <Delay = 0.00>
ST_8 : Operation 75 [1/2] (2.32ns)   --->   "%in_V_load_12 = load i8* %in_V_addr, align 1" [../src/AES_encrypt.cpp:40]   --->   Operation 75 'load' 'in_V_load_12' <Predicate = true> <Delay = 2.32> <Core = "RAM">   --->   Core 37 'RAM' <Latency = 1> <II = 1> <Delay = 2.32> <Storage> <Opcode : 'load' 'store'> <Ports = 2> <Width = 8> <Depth = 16> <RAM>
ST_8 : Operation 76 [1/1] (2.32ns)   --->   "store i8 %in_V_load_12, i8* %out_V_addr, align 1" [../src/AES_encrypt.cpp:40]   --->   Operation 76 'store' <Predicate = true> <Delay = 2.32> <Core = "RAM">   --->   Core 37 'RAM' <Latency = 1> <II = 1> <Delay = 2.32> <Storage> <Opcode : 'load' 'store'> <Ports = 2> <Width = 8> <Depth = 16> <RAM>
ST_8 : Operation 77 [1/2] (2.32ns)   --->   "%in_V_load_13 = load i8* %in_V_addr_13, align 1" [../src/AES_encrypt.cpp:41]   --->   Operation 77 'load' 'in_V_load_13' <Predicate = true> <Delay = 2.32> <Core = "RAM">   --->   Core 37 'RAM' <Latency = 1> <II = 1> <Delay = 2.32> <Storage> <Opcode : 'load' 'store'> <Ports = 2> <Width = 8> <Depth = 16> <RAM>
ST_8 : Operation 78 [1/1] (0.00ns)   --->   "%out_V_addr_13 = getelementptr [16 x i8]* %out_V, i64 0, i64 4" [../src/AES_encrypt.cpp:41]   --->   Operation 78 'getelementptr' 'out_V_addr_13' <Predicate = true> <Delay = 0.00>
ST_8 : Operation 79 [1/1] (2.32ns)   --->   "store i8 %in_V_load_13, i8* %out_V_addr_13, align 1" [../src/AES_encrypt.cpp:41]   --->   Operation 79 'store' <Predicate = true> <Delay = 2.32> <Core = "RAM">   --->   Core 37 'RAM' <Latency = 1> <II = 1> <Delay = 2.32> <Storage> <Opcode : 'load' 'store'> <Ports = 2> <Width = 8> <Depth = 16> <RAM>
ST_8 : Operation 80 [1/1] (0.00ns)   --->   "%in_V_addr_14 = getelementptr [16 x i8]* %in_V, i64 0, i64 8" [../src/AES_encrypt.cpp:42]   --->   Operation 80 'getelementptr' 'in_V_addr_14' <Predicate = true> <Delay = 0.00>
ST_8 : Operation 81 [2/2] (2.32ns)   --->   "%in_V_load_14 = load i8* %in_V_addr_14, align 1" [../src/AES_encrypt.cpp:42]   --->   Operation 81 'load' 'in_V_load_14' <Predicate = true> <Delay = 2.32> <Core = "RAM">   --->   Core 37 'RAM' <Latency = 1> <II = 1> <Delay = 2.32> <Storage> <Opcode : 'load' 'store'> <Ports = 2> <Width = 8> <Depth = 16> <RAM>
ST_8 : Operation 82 [1/1] (0.00ns)   --->   "%in_V_addr_15 = getelementptr [16 x i8]* %in_V, i64 0, i64 12" [../src/AES_encrypt.cpp:43]   --->   Operation 82 'getelementptr' 'in_V_addr_15' <Predicate = true> <Delay = 0.00>
ST_8 : Operation 83 [2/2] (2.32ns)   --->   "%in_V_load_15 = load i8* %in_V_addr_15, align 1" [../src/AES_encrypt.cpp:43]   --->   Operation 83 'load' 'in_V_load_15' <Predicate = true> <Delay = 2.32> <Core = "RAM">   --->   Core 37 'RAM' <Latency = 1> <II = 1> <Delay = 2.32> <Storage> <Opcode : 'load' 'store'> <Ports = 2> <Width = 8> <Depth = 16> <RAM>

State 9 <SV = 8> <Delay = 4.64>
ST_9 : Operation 84 [1/2] (2.32ns)   --->   "%in_V_load_14 = load i8* %in_V_addr_14, align 1" [../src/AES_encrypt.cpp:42]   --->   Operation 84 'load' 'in_V_load_14' <Predicate = true> <Delay = 2.32> <Core = "RAM">   --->   Core 37 'RAM' <Latency = 1> <II = 1> <Delay = 2.32> <Storage> <Opcode : 'load' 'store'> <Ports = 2> <Width = 8> <Depth = 16> <RAM>
ST_9 : Operation 85 [1/1] (0.00ns)   --->   "%out_V_addr_14 = getelementptr [16 x i8]* %out_V, i64 0, i64 8" [../src/AES_encrypt.cpp:42]   --->   Operation 85 'getelementptr' 'out_V_addr_14' <Predicate = true> <Delay = 0.00>
ST_9 : Operation 86 [1/1] (2.32ns)   --->   "store i8 %in_V_load_14, i8* %out_V_addr_14, align 1" [../src/AES_encrypt.cpp:42]   --->   Operation 86 'store' <Predicate = true> <Delay = 2.32> <Core = "RAM">   --->   Core 37 'RAM' <Latency = 1> <II = 1> <Delay = 2.32> <Storage> <Opcode : 'load' 'store'> <Ports = 2> <Width = 8> <Depth = 16> <RAM>
ST_9 : Operation 87 [1/2] (2.32ns)   --->   "%in_V_load_15 = load i8* %in_V_addr_15, align 1" [../src/AES_encrypt.cpp:43]   --->   Operation 87 'load' 'in_V_load_15' <Predicate = true> <Delay = 2.32> <Core = "RAM">   --->   Core 37 'RAM' <Latency = 1> <II = 1> <Delay = 2.32> <Storage> <Opcode : 'load' 'store'> <Ports = 2> <Width = 8> <Depth = 16> <RAM>
ST_9 : Operation 88 [1/1] (0.00ns)   --->   "%out_V_addr_15 = getelementptr [16 x i8]* %out_V, i64 0, i64 12" [../src/AES_encrypt.cpp:43]   --->   Operation 88 'getelementptr' 'out_V_addr_15' <Predicate = true> <Delay = 0.00>
ST_9 : Operation 89 [1/1] (2.32ns)   --->   "store i8 %in_V_load_15, i8* %out_V_addr_15, align 1" [../src/AES_encrypt.cpp:43]   --->   Operation 89 'store' <Predicate = true> <Delay = 2.32> <Core = "RAM">   --->   Core 37 'RAM' <Latency = 1> <II = 1> <Delay = 2.32> <Storage> <Opcode : 'load' 'store'> <Ports = 2> <Width = 8> <Depth = 16> <RAM>
ST_9 : Operation 90 [1/1] (0.00ns)   --->   "ret void" [../src/AES_encrypt.cpp:44]   --->   Operation 90 'ret' <Predicate = true> <Delay = 0.00>


============================================================
+ Verbose Summary: Timing violations
============================================================
Target clock period: 10ns, clock uncertainty: 1.25ns.

 <State 1>: 2.32ns
The critical path consists of the following:
	'getelementptr' operation ('in_V_addr_1', ../src/AES_encrypt.cpp:22) [5]  (0 ns)
	'load' operation ('in_V_load', ../src/AES_encrypt.cpp:22) on array 'in_V' [6]  (2.32 ns)

 <State 2>: 4.64ns
The critical path consists of the following:
	'load' operation ('in_V_load', ../src/AES_encrypt.cpp:22) on array 'in_V' [6]  (2.32 ns)
	'store' operation (../src/AES_encrypt.cpp:22) of variable 'in_V_load', ../src/AES_encrypt.cpp:22 on array 'out_V' [8]  (2.32 ns)

 <State 3>: 4.64ns
The critical path consists of the following:
	'load' operation ('in_V_load_2', ../src/AES_encrypt.cpp:24) on array 'in_V' [14]  (2.32 ns)
	'store' operation (../src/AES_encrypt.cpp:24) of variable 'in_V_load_2', ../src/AES_encrypt.cpp:24 on array 'out_V' [16]  (2.32 ns)

 <State 4>: 4.64ns
The critical path consists of the following:
	'load' operation ('in_V_load_4', ../src/AES_encrypt.cpp:28) on array 'in_V' [22]  (2.32 ns)
	'store' operation (../src/AES_encrypt.cpp:28) of variable 'in_V_load_4', ../src/AES_encrypt.cpp:28 on array 'out_V' [24]  (2.32 ns)

 <State 5>: 4.64ns
The critical path consists of the following:
	'load' operation ('in_V_load_6', ../src/AES_encrypt.cpp:30) on array 'in_V' [30]  (2.32 ns)
	'store' operation (../src/AES_encrypt.cpp:30) of variable 'in_V_load_6', ../src/AES_encrypt.cpp:30 on array 'out_V' [32]  (2.32 ns)

 <State 6>: 4.64ns
The critical path consists of the following:
	'load' operation ('in_V_load_8', ../src/AES_encrypt.cpp:34) on array 'in_V' [38]  (2.32 ns)
	'store' operation (../src/AES_encrypt.cpp:34) of variable 'in_V_load_8', ../src/AES_encrypt.cpp:34 on array 'out_V' [40]  (2.32 ns)

 <State 7>: 4.64ns
The critical path consists of the following:
	'load' operation ('in_V_load_10', ../src/AES_encrypt.cpp:36) on array 'in_V' [46]  (2.32 ns)
	'store' operation (../src/AES_encrypt.cpp:36) of variable 'in_V_load_10', ../src/AES_encrypt.cpp:36 on array 'out_V' [48]  (2.32 ns)

 <State 8>: 4.64ns
The critical path consists of the following:
	'load' operation ('in_V_load_12', ../src/AES_encrypt.cpp:40) on array 'in_V' [53]  (2.32 ns)
	'store' operation (../src/AES_encrypt.cpp:40) of variable 'in_V_load_12', ../src/AES_encrypt.cpp:40 on array 'out_V' [54]  (2.32 ns)

 <State 9>: 4.64ns
The critical path consists of the following:
	'load' operation ('in_V_load_14', ../src/AES_encrypt.cpp:42) on array 'in_V' [60]  (2.32 ns)
	'store' operation (../src/AES_encrypt.cpp:42) of variable 'in_V_load_14', ../src/AES_encrypt.cpp:42 on array 'out_V' [62]  (2.32 ns)


============================================================
+ Verbose Summary: Binding
============================================================
N/A
* FSMD analyzer results:
  - Output states:
 - Input state : 
  - Chain level:
	State 1
	State 2
	State 3
	State 4
	State 5
	State 6
	State 7
	State 8
	State 9


============================================================
+ Verbose Summary: Datapath Resource usage 
============================================================
N/A
