

================================================================
== Synthesis Summary Report of 'AES_ECB_encrypt'
================================================================
+ General Information: 
    * Date:           Thu Dec 30 15:48:49 2021
    * Version:        2020.2 (Build 3064766 on Wed Nov 18 09:12:45 MST 2020)
    * Project:        aes
    * Solution:       solution1 (Vivado IP Flow Target)
    * Product family: zynq
    * Target device:  xc7z020-clg400-1
    

+ Performance & Resource Estimates: 
    
    PS: '+' for module; 'o' for loop; '*' for dataflow
    +------------------------------------------------------+------+-------+---------+-----------+----------+---------+------+----------+-----------+----+-------------+--------------+-----+
    |                        Modules                       | Issue|       | Latency |  Latency  | Iteration|         | Trip |          |           |    |             |              |     |
    |                        & Loops                       | Type | Slack | (cycles)|    (ns)   |  Latency | Interval| Count| Pipelined|   BRAM    | DSP|      FF     |      LUT     | URAM|
    +------------------------------------------------------+------+-------+---------+-----------+----------+---------+------+----------+-----------+----+-------------+--------------+-----+
    |+ AES_ECB_encrypt                                     |     -|  -0.84|        -|          -|         -|        -|     -|        no|  151 (53%)|   -|  91287 (85%)|  87797 (165%)|    -|
    | + grp_Cipher_fu_18784*                               |     -|  -2.15|       51|    510.000|         -|        2|     -|  dataflow|  150 (53%)|   -|  87214 (81%)|  82224 (154%)|    -|
    |  + call_ret5_MixColumns60_fu_2774                    |     -|  -3.14|        0|      0.000|         -|        0|     -|        no|          -|   -|    130 (~0%)|      779 (1%)|    -|
    |  + call_ret9_MixColumns64_fu_2794                    |     -|  -3.14|        0|      0.000|         -|        0|     -|        no|          -|   -|    130 (~0%)|      779 (1%)|    -|
    |  + call_ret13_MixColumns68_fu_2814                   |     -|  -3.14|        0|      0.000|         -|        0|     -|        no|          -|   -|    130 (~0%)|      779 (1%)|    -|
    |  + call_ret17_MixColumns72_fu_2834                   |     -|  -3.14|        0|      0.000|         -|        0|     -|        no|          -|   -|    130 (~0%)|      779 (1%)|    -|
    |  + call_ret21_MixColumns76_fu_2854                   |     -|  -3.14|        0|      0.000|         -|        0|     -|        no|          -|   -|    130 (~0%)|      779 (1%)|    -|
    |  + call_ret25_MixColumns80_fu_2874                   |     -|  -3.14|        0|      0.000|         -|        0|     -|        no|          -|   -|    130 (~0%)|      779 (1%)|    -|
    |  + call_ret29_MixColumns84_fu_2894                   |     -|  -3.14|        0|      0.000|         -|        0|     -|        no|          -|   -|    130 (~0%)|      779 (1%)|    -|
    |  + call_ret33_MixColumns88_fu_2914                   |     -|  -3.14|        0|      0.000|         -|        0|     -|        no|          -|   -|    130 (~0%)|      779 (1%)|    -|
    |  + call_ret36_MixColumns_fu_2934                     |     -|  -3.14|        0|      0.000|         -|        0|     -|        no|          -|   -|    130 (~0%)|      779 (1%)|    -|
    |  + grp_SubBytes58_fu_2954                            |     -|  -4.05|        1|     10.000|         -|        1|     -|        no|    15 (5%)|   -|      3 (~0%)|      25 (~0%)|    -|
    |  + grp_SubBytes62_fu_2976                            |     -|  -4.05|        1|     10.000|         -|        1|     -|        no|    15 (5%)|   -|      3 (~0%)|      25 (~0%)|    -|
    |  + grp_SubBytes66_fu_2998                            |     -|  -4.05|        1|     10.000|         -|        1|     -|        no|    15 (5%)|   -|      3 (~0%)|      25 (~0%)|    -|
    |  + grp_SubBytes70_fu_3020                            |     -|  -4.05|        1|     10.000|         -|        1|     -|        no|    15 (5%)|   -|      3 (~0%)|      25 (~0%)|    -|
    |  + grp_SubBytes74_fu_3042                            |     -|  -4.05|        1|     10.000|         -|        1|     -|        no|    15 (5%)|   -|      3 (~0%)|      25 (~0%)|    -|
    |  + grp_SubBytes78_fu_3064                            |     -|  -4.05|        1|     10.000|         -|        1|     -|        no|    15 (5%)|   -|      3 (~0%)|      25 (~0%)|    -|
    |  + grp_SubBytes82_fu_3086                            |     -|  -4.05|        1|     10.000|         -|        1|     -|        no|    15 (5%)|   -|      3 (~0%)|      25 (~0%)|    -|
    |  + grp_SubBytes86_fu_3108                            |     -|  -4.05|        1|     10.000|         -|        1|     -|        no|    15 (5%)|   -|      3 (~0%)|      25 (~0%)|    -|
    |  + grp_SubBytes90_fu_3130                            |     -|  -4.05|        1|     10.000|         -|        1|     -|        no|    15 (5%)|   -|      3 (~0%)|      25 (~0%)|    -|
    |  + grp_SubBytes_fu_3152                              |     -|  -4.05|        1|     10.000|         -|        1|     -|        no|    15 (5%)|   -|      3 (~0%)|      25 (~0%)|    -|
    |  + call_ret1_Cipher_Block_split196_proc115_fu_3174   |     -|  -3.65|        0|      0.000|         -|        0|     -|        no|          -|   -|    130 (~0%)|     1739 (3%)|    -|
    |  + call_ret2_AddRoundKey57_fu_3738                   |     -|  -2.68|        0|      0.000|         -|        0|     -|        no|          -|   -|    130 (~0%)|     427 (~0%)|    -|
    |  + call_ret6_AddRoundKey61_fu_3774                   |     -|  -2.72|        0|      0.000|         -|        0|     -|        no|          -|   -|    130 (~0%)|     427 (~0%)|    -|
    |  + call_ret10_AddRoundKey65_fu_3810                  |     -|  -2.70|        0|      0.000|         -|        0|     -|        no|          -|   -|    130 (~0%)|     427 (~0%)|    -|
    |  + call_ret14_AddRoundKey69_fu_3846                  |     -|  -2.66|        0|      0.000|         -|        0|     -|        no|          -|   -|    130 (~0%)|     427 (~0%)|    -|
    |  + call_ret18_AddRoundKey73_fu_3882                  |     -|  -2.66|        0|      0.000|         -|        0|     -|        no|          -|   -|    130 (~0%)|     427 (~0%)|    -|
    |  + call_ret22_AddRoundKey77_fu_3918                  |     -|  -2.66|        0|      0.000|         -|        0|     -|        no|          -|   -|    130 (~0%)|     427 (~0%)|    -|
    |  + call_ret26_AddRoundKey81_fu_3954                  |     -|  -2.66|        0|      0.000|         -|        0|     -|        no|          -|   -|    130 (~0%)|     427 (~0%)|    -|
    |  + call_ret30_AddRoundKey85_fu_3990                  |     -|  -2.66|        0|      0.000|         -|        0|     -|        no|          -|   -|    130 (~0%)|     427 (~0%)|    -|
    |  + call_ret34_AddRoundKey89_fu_4026                  |     -|  -2.66|        0|      0.000|         -|        0|     -|        no|          -|   -|    130 (~0%)|     427 (~0%)|    -|
    |  + call_ret37_AddRoundKey92_fu_4062                  |     -|  -2.66|        0|      0.000|         -|        0|     -|        no|          -|   -|    130 (~0%)|     427 (~0%)|    -|
    |  + call_ret40_AddRoundKey93_fu_4098                  |     -|  -2.66|        0|      0.000|         -|        0|     -|        no|          -|   -|    130 (~0%)|     427 (~0%)|    -|
    |  + call_ln160_Cipher_Block_split196237_proc_fu_4134  |     -|  -7.30|        0|      0.000|         -|        0|     -|        no|          -|   -|    130 (~0%)|     155 (~0%)|    -|
    |  + call_ret4_ShiftRows59_fu_4186                     |     -|  -7.30|        0|      0.000|         -|        0|     -|        no|          -|   -|    130 (~0%)|     155 (~0%)|    -|
    |  + call_ret8_ShiftRows63_fu_4206                     |     -|  -7.30|        0|      0.000|         -|        0|     -|        no|          -|   -|    130 (~0%)|     155 (~0%)|    -|
    |  + call_ret12_ShiftRows67_fu_4226                    |     -|  -7.30|        0|      0.000|         -|        0|     -|        no|          -|   -|    130 (~0%)|     155 (~0%)|    -|
    |  + call_ret16_ShiftRows71_fu_4246                    |     -|  -7.30|        0|      0.000|         -|        0|     -|        no|          -|   -|    130 (~0%)|     155 (~0%)|    -|
    |  + call_ret20_ShiftRows75_fu_4266                    |     -|  -7.30|        0|      0.000|         -|        0|     -|        no|          -|   -|    130 (~0%)|     155 (~0%)|    -|
    |  + call_ret24_ShiftRows79_fu_4286                    |     -|  -7.30|        0|      0.000|         -|        0|     -|        no|          -|   -|    130 (~0%)|     155 (~0%)|    -|
    |  + call_ret28_ShiftRows83_fu_4306                    |     -|  -7.30|        0|      0.000|         -|        0|     -|        no|          -|   -|    130 (~0%)|     155 (~0%)|    -|
    |  + call_ret32_ShiftRows87_fu_4326                    |     -|  -7.30|        0|      0.000|         -|        0|     -|        no|          -|   -|    130 (~0%)|     155 (~0%)|    -|
    |  + call_ret35_ShiftRows91_fu_4346                    |     -|  -7.30|        0|      0.000|         -|        0|     -|        no|          -|   -|    130 (~0%)|     155 (~0%)|    -|
    |  + call_ret39_ShiftRows_fu_4366                      |     -|  -7.30|        0|      0.000|         -|        0|     -|        no|          -|   -|    130 (~0%)|     155 (~0%)|    -|
    | o VITIS_LOOP_11_1                                    |     -|  -7.30|        4|     40.000|         1|        1|     4|       yes|          -|   -|            -|             -|    -|
    | o VITIS_LOOP_19_2                                    |    II|  -7.30|      201|  2.010e+03|         6|        5|    40|       yes|          -|   -|            -|             -|    -|
    | o VITIS_LOOP_186_1                                   |     -|  -7.30|        -|          -|        85|        -|     -|        no|          -|   -|            -|             -|    -|
    +------------------------------------------------------+------+-------+---------+-----------+----------+---------+------+----------+-----------+----+-------------+--------------+-----+

