

================================================================
== Vivado HLS Report for 'Cipher'
================================================================
* Date:           Sun Jan  2 15:59:59 2022

* Version:        2018.3 (Build 2405991 on Thu Dec 06 23:56:15 MST 2018)
* Project:        aes
* Solution:       solution1
* Product family: zynq
* Target device:  xc7z020clg484-1


================================================================
== Performance Estimates
================================================================
+ Timing (ns): 
    * Summary: 
    +--------+-------+----------+------------+
    |  Clock | Target| Estimated| Uncertainty|
    +--------+-------+----------+------------+
    |ap_clk  |  10.00|     7.812|        1.25|
    +--------+-------+----------+------------+

+ Latency (clock cycles): 
    * Summary: 
    +------+------+-----+-----+----------+
    |   Latency   |  Interval | Pipeline |
    |  min |  max | min | max |   Type   |
    +------+------+-----+-----+----------+
    |  1193|  1193|   50|   50| dataflow |
    +------+------+-----+-----+----------+

    + Detail: 
        * Instance: 
        +-----------------------+--------------------+-----+-----+-----+-----+---------+
        |                       |                    |  Latency  |  Interval | Pipeline|
        |        Instance       |       Module       | min | max | min | max |   Type  |
        +-----------------------+--------------------+-----+-----+-----+-----+---------+
        |MixColumns48_U0        |MixColumns48        |   17|   17|   17|   17|   none  |
        |MixColumns52_U0        |MixColumns52        |   17|   17|   17|   17|   none  |
        |MixColumns56_U0        |MixColumns56        |   17|   17|   17|   17|   none  |
        |MixColumns60_U0        |MixColumns60        |   17|   17|   17|   17|   none  |
        |MixColumns64_U0        |MixColumns64        |   17|   17|   17|   17|   none  |
        |MixColumns68_U0        |MixColumns68        |   17|   17|   17|   17|   none  |
        |MixColumns72_U0        |MixColumns72        |   17|   17|   17|   17|   none  |
        |MixColumns76_U0        |MixColumns76        |   17|   17|   17|   17|   none  |
        |MixColumns_U0          |MixColumns          |   17|   17|   17|   17|   none  |
        |ShiftRows47_U0         |ShiftRows47         |    8|    8|    8|    8|   none  |
        |ShiftRows51_U0         |ShiftRows51         |    8|    8|    8|    8|   none  |
        |ShiftRows55_U0         |ShiftRows55         |    8|    8|    8|    8|   none  |
        |ShiftRows59_U0         |ShiftRows59         |    8|    8|    8|    8|   none  |
        |ShiftRows63_U0         |ShiftRows63         |    8|    8|    8|    8|   none  |
        |ShiftRows67_U0         |ShiftRows67         |    8|    8|    8|    8|   none  |
        |ShiftRows71_U0         |ShiftRows71         |    8|    8|    8|    8|   none  |
        |ShiftRows75_U0         |ShiftRows75         |    8|    8|    8|    8|   none  |
        |ShiftRows79_U0         |ShiftRows79         |    8|    8|    8|    8|   none  |
        |ShiftRows_U0           |ShiftRows           |    8|    8|    8|    8|   none  |
        |AddRoundKey45_U0       |AddRoundKey45       |   33|   33|   33|   33|   none  |
        |AddRoundKey49_U0       |AddRoundKey49       |   33|   33|   33|   33|   none  |
        |AddRoundKey53_U0       |AddRoundKey53       |   33|   33|   33|   33|   none  |
        |AddRoundKey57_U0       |AddRoundKey57       |   33|   33|   33|   33|   none  |
        |AddRoundKey61_U0       |AddRoundKey61       |   33|   33|   33|   33|   none  |
        |AddRoundKey65_U0       |AddRoundKey65       |   33|   33|   33|   33|   none  |
        |AddRoundKey69_U0       |AddRoundKey69       |   33|   33|   33|   33|   none  |
        |AddRoundKey73_U0       |AddRoundKey73       |   33|   33|   33|   33|   none  |
        |AddRoundKey77_U0       |AddRoundKey77       |   33|   33|   33|   33|   none  |
        |AddRoundKey80_U0       |AddRoundKey80       |   33|   33|   33|   33|   none  |
        |AddRoundKey_U0         |AddRoundKey         |   33|   33|   33|   33|   none  |
        |SubBytes46_U0          |SubBytes46          |   49|   49|   49|   49|   none  |
        |SubBytes50_U0          |SubBytes50          |   49|   49|   49|   49|   none  |
        |SubBytes54_U0          |SubBytes54          |   49|   49|   49|   49|   none  |
        |SubBytes58_U0          |SubBytes58          |   49|   49|   49|   49|   none  |
        |SubBytes62_U0          |SubBytes62          |   49|   49|   49|   49|   none  |
        |SubBytes66_U0          |SubBytes66          |   49|   49|   49|   49|   none  |
        |SubBytes70_U0          |SubBytes70          |   49|   49|   49|   49|   none  |
        |SubBytes74_U0          |SubBytes74          |   49|   49|   49|   49|   none  |
        |SubBytes78_U0          |SubBytes78          |   49|   49|   49|   49|   none  |
        |SubBytes_U0            |SubBytes            |   49|   49|   49|   49|   none  |
        |Cipher_Loop_1_proc_U0  |Cipher_Loop_1_proc  |   33|   33|   33|   33|   none  |
        |Cipher_Loop_2_proc_U0  |Cipher_Loop_2_proc  |   33|   33|   33|   33|   none  |
        +-----------------------+--------------------+-----+-----+-----+-----+---------+

        * Loop: 
        N/A



================================================================
== Utilization Estimates
================================================================
* Summary: 
+-----------------+---------+-------+--------+-------+
|       Name      | BRAM_18K| DSP48E|   FF   |  LUT  |
+-----------------+---------+-------+--------+-------+
|DSP              |        -|      -|       -|      -|
|Expression       |        -|      -|       0|    172|
|FIFO             |        -|      -|       -|      -|
|Instance         |       10|      -|    1132|   6963|
|Memory           |       19|      -|     352|     44|
|Multiplexer      |        -|      -|       -|    216|
|Register         |        -|      -|      36|      -|
+-----------------+---------+-------+--------+-------+
|Total            |       29|      0|    1520|   7395|
+-----------------+---------+-------+--------+-------+
|Available        |      280|    220|  106400|  53200|
+-----------------+---------+-------+--------+-------+
|Utilization (%)  |       10|      0|       1|     13|
+-----------------+---------+-------+--------+-------+

+ Detail: 
    * Instance: 
    +-----------------------+--------------------+---------+-------+----+-----+
    |        Instance       |       Module       | BRAM_18K| DSP48E| FF | LUT |
    +-----------------------+--------------------+---------+-------+----+-----+
    |AddRoundKey_U0         |AddRoundKey         |        0|      0|  19|   75|
    |AddRoundKey45_U0       |AddRoundKey45       |        0|      0|  19|   75|
    |AddRoundKey49_U0       |AddRoundKey49       |        0|      0|  19|   75|
    |AddRoundKey53_U0       |AddRoundKey53       |        0|      0|  19|   75|
    |AddRoundKey57_U0       |AddRoundKey57       |        0|      0|  19|   75|
    |AddRoundKey61_U0       |AddRoundKey61       |        0|      0|  19|   75|
    |AddRoundKey65_U0       |AddRoundKey65       |        0|      0|  19|   75|
    |AddRoundKey69_U0       |AddRoundKey69       |        0|      0|  19|   75|
    |AddRoundKey73_U0       |AddRoundKey73       |        0|      0|  19|   75|
    |AddRoundKey77_U0       |AddRoundKey77       |        0|      0|  19|   75|
    |AddRoundKey80_U0       |AddRoundKey80       |        0|      0|  19|   75|
    |Cipher_Loop_1_proc_U0  |Cipher_Loop_1_proc  |        0|      0|  19|   67|
    |Cipher_Loop_2_proc_U0  |Cipher_Loop_2_proc  |        0|      0|  19|   67|
    |MixColumns_U0          |MixColumns          |        0|      0|  65|  326|
    |MixColumns48_U0        |MixColumns48        |        0|      0|  65|  326|
    |MixColumns52_U0        |MixColumns52        |        0|      0|  65|  326|
    |MixColumns56_U0        |MixColumns56        |        0|      0|  65|  326|
    |MixColumns60_U0        |MixColumns60        |        0|      0|  65|  326|
    |MixColumns64_U0        |MixColumns64        |        0|      0|  65|  326|
    |MixColumns68_U0        |MixColumns68        |        0|      0|  65|  326|
    |MixColumns72_U0        |MixColumns72        |        0|      0|  65|  326|
    |MixColumns76_U0        |MixColumns76        |        0|      0|  65|  326|
    |ShiftRows_U0           |ShiftRows           |        0|      0|  10|  234|
    |ShiftRows47_U0         |ShiftRows47         |        0|      0|  10|  234|
    |ShiftRows51_U0         |ShiftRows51         |        0|      0|  10|  234|
    |ShiftRows55_U0         |ShiftRows55         |        0|      0|  10|  234|
    |ShiftRows59_U0         |ShiftRows59         |        0|      0|  10|  234|
    |ShiftRows63_U0         |ShiftRows63         |        0|      0|  10|  234|
    |ShiftRows67_U0         |ShiftRows67         |        0|      0|  10|  234|
    |ShiftRows71_U0         |ShiftRows71         |        0|      0|  10|  234|
    |ShiftRows75_U0         |ShiftRows75         |        0|      0|  10|  234|
    |ShiftRows79_U0         |ShiftRows79         |        0|      0|  10|  234|
    |SubBytes_U0            |SubBytes            |        1|      0|  20|   73|
    |SubBytes46_U0          |SubBytes46          |        1|      0|  20|   73|
    |SubBytes50_U0          |SubBytes50          |        1|      0|  20|   73|
    |SubBytes54_U0          |SubBytes54          |        1|      0|  20|   73|
    |SubBytes58_U0          |SubBytes58          |        1|      0|  20|   73|
    |SubBytes62_U0          |SubBytes62          |        1|      0|  20|   73|
    |SubBytes66_U0          |SubBytes66          |        1|      0|  20|   73|
    |SubBytes70_U0          |SubBytes70          |        1|      0|  20|   73|
    |SubBytes74_U0          |SubBytes74          |        1|      0|  20|   73|
    |SubBytes78_U0          |SubBytes78          |        1|      0|  20|   73|
    +-----------------------+--------------------+---------+-------+----+-----+
    |Total                  |                    |       10|      0|1132| 6963|
    +-----------------------+--------------------+---------+-------+----+-----+

    * DSP48: 
    N/A

    * Memory: 
    +--------------+------------------+---------+----+----+------+-----+------+-------------+
    |    Memory    |      Module      | BRAM_18K| FF | LUT| Words| Bits| Banks| W*Bits*Banks|
    +--------------+------------------+---------+----+----+------+-----+------+-------------+
    |state_0_V_U   |Cipher_state_0_V  |        0|  16|   2|    16|    8|     2|          256|
    |state_1_V_U   |Cipher_state_0_V  |        0|  16|   2|    16|    8|     2|          256|
    |state_5_V_U   |Cipher_state_0_V  |        0|  16|   2|    16|    8|     2|          256|
    |state_9_V_U   |Cipher_state_0_V  |        0|  16|   2|    16|    8|     2|          256|
    |state_13_V_U  |Cipher_state_0_V  |        0|  16|   2|    16|    8|     2|          256|
    |state_17_V_U  |Cipher_state_0_V  |        0|  16|   2|    16|    8|     2|          256|
    |state_21_V_U  |Cipher_state_0_V  |        0|  16|   2|    16|    8|     2|          256|
    |state_25_V_U  |Cipher_state_0_V  |        0|  16|   2|    16|    8|     2|          256|
    |state_29_V_U  |Cipher_state_0_V  |        0|  16|   2|    16|    8|     2|          256|
    |state_33_V_U  |Cipher_state_0_V  |        0|  16|   2|    16|    8|     2|          256|
    |state_37_V_U  |Cipher_state_0_V  |        0|  16|   2|    16|    8|     2|          256|
    |state_40_U    |Cipher_state_0_V  |        0|  16|   2|    16|    8|     2|          256|
    |state_2_V_U   |Cipher_state_2_V  |        0|  16|   2|    16|    8|     2|          256|
    |state_6_V_U   |Cipher_state_2_V  |        0|  16|   2|    16|    8|     2|          256|
    |state_10_V_U  |Cipher_state_2_V  |        0|  16|   2|    16|    8|     2|          256|
    |state_14_V_U  |Cipher_state_2_V  |        0|  16|   2|    16|    8|     2|          256|
    |state_18_V_U  |Cipher_state_2_V  |        0|  16|   2|    16|    8|     2|          256|
    |state_22_V_U  |Cipher_state_2_V  |        0|  16|   2|    16|    8|     2|          256|
    |state_26_V_U  |Cipher_state_2_V  |        0|  16|   2|    16|    8|     2|          256|
    |state_30_V_U  |Cipher_state_2_V  |        0|  16|   2|    16|    8|     2|          256|
    |state_34_V_U  |Cipher_state_2_V  |        0|  16|   2|    16|    8|     2|          256|
    |state_38_V_U  |Cipher_state_2_V  |        0|  16|   2|    16|    8|     2|          256|
    |state_3_V_U   |Cipher_state_3_V  |        1|   0|   0|    16|    8|     2|          256|
    |state_7_V_U   |Cipher_state_3_V  |        1|   0|   0|    16|    8|     2|          256|
    |state_11_V_U  |Cipher_state_3_V  |        1|   0|   0|    16|    8|     2|          256|
    |state_15_V_U  |Cipher_state_3_V  |        1|   0|   0|    16|    8|     2|          256|
    |state_19_V_U  |Cipher_state_3_V  |        1|   0|   0|    16|    8|     2|          256|
    |state_23_V_U  |Cipher_state_3_V  |        1|   0|   0|    16|    8|     2|          256|
    |state_27_V_U  |Cipher_state_3_V  |        1|   0|   0|    16|    8|     2|          256|
    |state_31_V_U  |Cipher_state_3_V  |        1|   0|   0|    16|    8|     2|          256|
    |state_35_V_U  |Cipher_state_3_V  |        1|   0|   0|    16|    8|     2|          256|
    |state_4_V_U   |Cipher_state_4_V  |        1|   0|   0|    16|    8|     2|          256|
    |state_8_V_U   |Cipher_state_4_V  |        1|   0|   0|    16|    8|     2|          256|
    |state_12_V_U  |Cipher_state_4_V  |        1|   0|   0|    16|    8|     2|          256|
    |state_16_V_U  |Cipher_state_4_V  |        1|   0|   0|    16|    8|     2|          256|
    |state_20_V_U  |Cipher_state_4_V  |        1|   0|   0|    16|    8|     2|          256|
    |state_24_V_U  |Cipher_state_4_V  |        1|   0|   0|    16|    8|     2|          256|
    |state_28_V_U  |Cipher_state_4_V  |        1|   0|   0|    16|    8|     2|          256|
    |state_32_V_U  |Cipher_state_4_V  |        1|   0|   0|    16|    8|     2|          256|
    |state_36_V_U  |Cipher_state_4_V  |        1|   0|   0|    16|    8|     2|          256|
    |state_39_V_U  |Cipher_state_4_V  |        1|   0|   0|    16|    8|     2|          256|
    +--------------+------------------+---------+----+----+------+-----+------+-------------+
    |Total         |                  |       19| 352|  44|   656|  328|    82|        10496|
    +--------------+------------------+---------+----+----+------+-----+------+-------------+

    * FIFO: 
    N/A

    * Expression: 
    +----------------------------------------+----------+-------+---+----+------------+------------+
    |              Variable Name             | Operation| DSP48E| FF| LUT| Bitwidth P0| Bitwidth P1|
    +----------------------------------------+----------+-------+---+----+------------+------------+
    |AddRoundKey45_U0_ap_ready_count         |     +    |      0|  0|  10|           2|           1|
    |AddRoundKey49_U0_ap_ready_count         |     +    |      0|  0|  10|           2|           1|
    |AddRoundKey53_U0_ap_ready_count         |     +    |      0|  0|  10|           2|           1|
    |AddRoundKey57_U0_ap_ready_count         |     +    |      0|  0|  10|           2|           1|
    |AddRoundKey61_U0_ap_ready_count         |     +    |      0|  0|  10|           2|           1|
    |AddRoundKey65_U0_ap_ready_count         |     +    |      0|  0|  10|           2|           1|
    |AddRoundKey69_U0_ap_ready_count         |     +    |      0|  0|  10|           2|           1|
    |AddRoundKey73_U0_ap_ready_count         |     +    |      0|  0|  10|           2|           1|
    |AddRoundKey77_U0_ap_ready_count         |     +    |      0|  0|  10|           2|           1|
    |AddRoundKey80_U0_ap_ready_count         |     +    |      0|  0|  10|           2|           1|
    |AddRoundKey_U0_ap_ready_count           |     +    |      0|  0|  10|           2|           1|
    |Cipher_Loop_1_proc_U0_ap_ready_count    |     +    |      0|  0|  10|           2|           1|
    |AddRoundKey45_U0_ap_start               |    and   |      0|  0|   2|           1|           1|
    |AddRoundKey49_U0_ap_start               |    and   |      0|  0|   2|           1|           1|
    |AddRoundKey53_U0_ap_start               |    and   |      0|  0|   2|           1|           1|
    |AddRoundKey57_U0_ap_start               |    and   |      0|  0|   2|           1|           1|
    |AddRoundKey61_U0_ap_start               |    and   |      0|  0|   2|           1|           1|
    |AddRoundKey65_U0_ap_start               |    and   |      0|  0|   2|           1|           1|
    |AddRoundKey69_U0_ap_start               |    and   |      0|  0|   2|           1|           1|
    |AddRoundKey73_U0_ap_start               |    and   |      0|  0|   2|           1|           1|
    |AddRoundKey77_U0_ap_start               |    and   |      0|  0|   2|           1|           1|
    |AddRoundKey80_U0_ap_start               |    and   |      0|  0|   2|           1|           1|
    |AddRoundKey_U0_ap_start                 |    and   |      0|  0|   2|           1|           1|
    |Cipher_Loop_1_proc_U0_ap_start          |    and   |      0|  0|   2|           1|           1|
    |ap_idle                                 |    and   |      0|  0|   2|           1|           1|
    |ap_sync_ready                           |    and   |      0|  0|   2|           1|           1|
    |ap_sync_AddRoundKey45_U0_ap_ready       |    or    |      0|  0|   2|           1|           1|
    |ap_sync_AddRoundKey49_U0_ap_ready       |    or    |      0|  0|   2|           1|           1|
    |ap_sync_AddRoundKey53_U0_ap_ready       |    or    |      0|  0|   2|           1|           1|
    |ap_sync_AddRoundKey57_U0_ap_ready       |    or    |      0|  0|   2|           1|           1|
    |ap_sync_AddRoundKey61_U0_ap_ready       |    or    |      0|  0|   2|           1|           1|
    |ap_sync_AddRoundKey65_U0_ap_ready       |    or    |      0|  0|   2|           1|           1|
    |ap_sync_AddRoundKey69_U0_ap_ready       |    or    |      0|  0|   2|           1|           1|
    |ap_sync_AddRoundKey73_U0_ap_ready       |    or    |      0|  0|   2|           1|           1|
    |ap_sync_AddRoundKey77_U0_ap_ready       |    or    |      0|  0|   2|           1|           1|
    |ap_sync_AddRoundKey80_U0_ap_ready       |    or    |      0|  0|   2|           1|           1|
    |ap_sync_AddRoundKey_U0_ap_ready         |    or    |      0|  0|   2|           1|           1|
    |ap_sync_Cipher_Loop_1_proc_U0_ap_ready  |    or    |      0|  0|   2|           1|           1|
    +----------------------------------------+----------+-------+---+----+------------+------------+
    |Total                                   |          |      0|  0| 172|          50|          38|
    +----------------------------------------+----------+-------+---+----+------------+------------+

    * Multiplexer: 
    +--------------------------------------------+----+-----------+-----+-----------+
    |                    Name                    | LUT| Input Size| Bits| Total Bits|
    +--------------------------------------------+----+-----------+-----+-----------+
    |AddRoundKey45_U0_ap_ready_count             |   9|          2|    2|          4|
    |AddRoundKey49_U0_ap_ready_count             |   9|          2|    2|          4|
    |AddRoundKey53_U0_ap_ready_count             |   9|          2|    2|          4|
    |AddRoundKey57_U0_ap_ready_count             |   9|          2|    2|          4|
    |AddRoundKey61_U0_ap_ready_count             |   9|          2|    2|          4|
    |AddRoundKey65_U0_ap_ready_count             |   9|          2|    2|          4|
    |AddRoundKey69_U0_ap_ready_count             |   9|          2|    2|          4|
    |AddRoundKey73_U0_ap_ready_count             |   9|          2|    2|          4|
    |AddRoundKey77_U0_ap_ready_count             |   9|          2|    2|          4|
    |AddRoundKey80_U0_ap_ready_count             |   9|          2|    2|          4|
    |AddRoundKey_U0_ap_ready_count               |   9|          2|    2|          4|
    |Cipher_Loop_1_proc_U0_ap_ready_count        |   9|          2|    2|          4|
    |ap_sync_reg_AddRoundKey45_U0_ap_ready       |   9|          2|    1|          2|
    |ap_sync_reg_AddRoundKey49_U0_ap_ready       |   9|          2|    1|          2|
    |ap_sync_reg_AddRoundKey53_U0_ap_ready       |   9|          2|    1|          2|
    |ap_sync_reg_AddRoundKey57_U0_ap_ready       |   9|          2|    1|          2|
    |ap_sync_reg_AddRoundKey61_U0_ap_ready       |   9|          2|    1|          2|
    |ap_sync_reg_AddRoundKey65_U0_ap_ready       |   9|          2|    1|          2|
    |ap_sync_reg_AddRoundKey69_U0_ap_ready       |   9|          2|    1|          2|
    |ap_sync_reg_AddRoundKey73_U0_ap_ready       |   9|          2|    1|          2|
    |ap_sync_reg_AddRoundKey77_U0_ap_ready       |   9|          2|    1|          2|
    |ap_sync_reg_AddRoundKey80_U0_ap_ready       |   9|          2|    1|          2|
    |ap_sync_reg_AddRoundKey_U0_ap_ready         |   9|          2|    1|          2|
    |ap_sync_reg_Cipher_Loop_1_proc_U0_ap_ready  |   9|          2|    1|          2|
    +--------------------------------------------+----+-----------+-----+-----------+
    |Total                                       | 216|         48|   36|         72|
    +--------------------------------------------+----+-----------+-----+-----------+

    * Register: 
    +--------------------------------------------+---+----+-----+-----------+
    |                    Name                    | FF| LUT| Bits| Const Bits|
    +--------------------------------------------+---+----+-----+-----------+
    |AddRoundKey45_U0_ap_ready_count             |  2|   0|    2|          0|
    |AddRoundKey49_U0_ap_ready_count             |  2|   0|    2|          0|
    |AddRoundKey53_U0_ap_ready_count             |  2|   0|    2|          0|
    |AddRoundKey57_U0_ap_ready_count             |  2|   0|    2|          0|
    |AddRoundKey61_U0_ap_ready_count             |  2|   0|    2|          0|
    |AddRoundKey65_U0_ap_ready_count             |  2|   0|    2|          0|
    |AddRoundKey69_U0_ap_ready_count             |  2|   0|    2|          0|
    |AddRoundKey73_U0_ap_ready_count             |  2|   0|    2|          0|
    |AddRoundKey77_U0_ap_ready_count             |  2|   0|    2|          0|
    |AddRoundKey80_U0_ap_ready_count             |  2|   0|    2|          0|
    |AddRoundKey_U0_ap_ready_count               |  2|   0|    2|          0|
    |Cipher_Loop_1_proc_U0_ap_ready_count        |  2|   0|    2|          0|
    |ap_sync_reg_AddRoundKey45_U0_ap_ready       |  1|   0|    1|          0|
    |ap_sync_reg_AddRoundKey49_U0_ap_ready       |  1|   0|    1|          0|
    |ap_sync_reg_AddRoundKey53_U0_ap_ready       |  1|   0|    1|          0|
    |ap_sync_reg_AddRoundKey57_U0_ap_ready       |  1|   0|    1|          0|
    |ap_sync_reg_AddRoundKey61_U0_ap_ready       |  1|   0|    1|          0|
    |ap_sync_reg_AddRoundKey65_U0_ap_ready       |  1|   0|    1|          0|
    |ap_sync_reg_AddRoundKey69_U0_ap_ready       |  1|   0|    1|          0|
    |ap_sync_reg_AddRoundKey73_U0_ap_ready       |  1|   0|    1|          0|
    |ap_sync_reg_AddRoundKey77_U0_ap_ready       |  1|   0|    1|          0|
    |ap_sync_reg_AddRoundKey80_U0_ap_ready       |  1|   0|    1|          0|
    |ap_sync_reg_AddRoundKey_U0_ap_ready         |  1|   0|    1|          0|
    |ap_sync_reg_Cipher_Loop_1_proc_U0_ap_ready  |  1|   0|    1|          0|
    +--------------------------------------------+---+----+-----+-----------+
    |Total                                       | 36|   0|   36|          0|
    +--------------------------------------------+---+----+-----+-----------+



================================================================
== Interface
================================================================
* Summary: 
+--------------------+-----+-----+------------+--------------+--------------+
|      RTL Ports     | Dir | Bits|  Protocol  | Source Object|    C Type    |
+--------------------+-----+-----+------------+--------------+--------------+
|ap_clk              |  in |    1| ap_ctrl_hs |    Cipher    | return value |
|ap_rst              |  in |    1| ap_ctrl_hs |    Cipher    | return value |
|ap_start            |  in |    1| ap_ctrl_hs |    Cipher    | return value |
|ap_done             | out |    1| ap_ctrl_hs |    Cipher    | return value |
|ap_ready            | out |    1| ap_ctrl_hs |    Cipher    | return value |
|ap_idle             | out |    1| ap_ctrl_hs |    Cipher    | return value |
|ap_continue         |  in |    1| ap_ctrl_hs |    Cipher    | return value |
|plain_V_address0    | out |    4|  ap_memory |    plain_V   |     array    |
|plain_V_ce0         | out |    1|  ap_memory |    plain_V   |     array    |
|plain_V_d0          | out |    8|  ap_memory |    plain_V   |     array    |
|plain_V_q0          |  in |    8|  ap_memory |    plain_V   |     array    |
|plain_V_we0         | out |    1|  ap_memory |    plain_V   |     array    |
|plain_V_address1    | out |    4|  ap_memory |    plain_V   |     array    |
|plain_V_ce1         | out |    1|  ap_memory |    plain_V   |     array    |
|plain_V_d1          | out |    8|  ap_memory |    plain_V   |     array    |
|plain_V_q1          |  in |    8|  ap_memory |    plain_V   |     array    |
|plain_V_we1         | out |    1|  ap_memory |    plain_V   |     array    |
|encrypt_V_address0  | out |    4|  ap_memory |   encrypt_V  |     array    |
|encrypt_V_ce0       | out |    1|  ap_memory |   encrypt_V  |     array    |
|encrypt_V_d0        | out |    8|  ap_memory |   encrypt_V  |     array    |
|encrypt_V_q0        |  in |    8|  ap_memory |   encrypt_V  |     array    |
|encrypt_V_we0       | out |    1|  ap_memory |   encrypt_V  |     array    |
|encrypt_V_address1  | out |    4|  ap_memory |   encrypt_V  |     array    |
|encrypt_V_ce1       | out |    1|  ap_memory |   encrypt_V  |     array    |
|encrypt_V_d1        | out |    8|  ap_memory |   encrypt_V  |     array    |
|encrypt_V_q1        |  in |    8|  ap_memory |   encrypt_V  |     array    |
|encrypt_V_we1       | out |    1|  ap_memory |   encrypt_V  |     array    |
|key_0_V_address0    | out |    4|  ap_memory |    key_0_V   |     array    |
|key_0_V_ce0         | out |    1|  ap_memory |    key_0_V   |     array    |
|key_0_V_d0          | out |    8|  ap_memory |    key_0_V   |     array    |
|key_0_V_q0          |  in |    8|  ap_memory |    key_0_V   |     array    |
|key_0_V_we0         | out |    1|  ap_memory |    key_0_V   |     array    |
|key_1_V_address0    | out |    4|  ap_memory |    key_1_V   |     array    |
|key_1_V_ce0         | out |    1|  ap_memory |    key_1_V   |     array    |
|key_1_V_d0          | out |    8|  ap_memory |    key_1_V   |     array    |
|key_1_V_q0          |  in |    8|  ap_memory |    key_1_V   |     array    |
|key_1_V_we0         | out |    1|  ap_memory |    key_1_V   |     array    |
|key_2_V_address0    | out |    4|  ap_memory |    key_2_V   |     array    |
|key_2_V_ce0         | out |    1|  ap_memory |    key_2_V   |     array    |
|key_2_V_d0          | out |    8|  ap_memory |    key_2_V   |     array    |
|key_2_V_q0          |  in |    8|  ap_memory |    key_2_V   |     array    |
|key_2_V_we0         | out |    1|  ap_memory |    key_2_V   |     array    |
|key_3_V_address0    | out |    4|  ap_memory |    key_3_V   |     array    |
|key_3_V_ce0         | out |    1|  ap_memory |    key_3_V   |     array    |
|key_3_V_d0          | out |    8|  ap_memory |    key_3_V   |     array    |
|key_3_V_q0          |  in |    8|  ap_memory |    key_3_V   |     array    |
|key_3_V_we0         | out |    1|  ap_memory |    key_3_V   |     array    |
|key_4_V_address0    | out |    4|  ap_memory |    key_4_V   |     array    |
|key_4_V_ce0         | out |    1|  ap_memory |    key_4_V   |     array    |
|key_4_V_d0          | out |    8|  ap_memory |    key_4_V   |     array    |
|key_4_V_q0          |  in |    8|  ap_memory |    key_4_V   |     array    |
|key_4_V_we0         | out |    1|  ap_memory |    key_4_V   |     array    |
|key_5_V_address0    | out |    4|  ap_memory |    key_5_V   |     array    |
|key_5_V_ce0         | out |    1|  ap_memory |    key_5_V   |     array    |
|key_5_V_d0          | out |    8|  ap_memory |    key_5_V   |     array    |
|key_5_V_q0          |  in |    8|  ap_memory |    key_5_V   |     array    |
|key_5_V_we0         | out |    1|  ap_memory |    key_5_V   |     array    |
|key_6_V_address0    | out |    4|  ap_memory |    key_6_V   |     array    |
|key_6_V_ce0         | out |    1|  ap_memory |    key_6_V   |     array    |
|key_6_V_d0          | out |    8|  ap_memory |    key_6_V   |     array    |
|key_6_V_q0          |  in |    8|  ap_memory |    key_6_V   |     array    |
|key_6_V_we0         | out |    1|  ap_memory |    key_6_V   |     array    |
|key_7_V_address0    | out |    4|  ap_memory |    key_7_V   |     array    |
|key_7_V_ce0         | out |    1|  ap_memory |    key_7_V   |     array    |
|key_7_V_d0          | out |    8|  ap_memory |    key_7_V   |     array    |
|key_7_V_q0          |  in |    8|  ap_memory |    key_7_V   |     array    |
|key_7_V_we0         | out |    1|  ap_memory |    key_7_V   |     array    |
|key_8_V_address0    | out |    4|  ap_memory |    key_8_V   |     array    |
|key_8_V_ce0         | out |    1|  ap_memory |    key_8_V   |     array    |
|key_8_V_d0          | out |    8|  ap_memory |    key_8_V   |     array    |
|key_8_V_q0          |  in |    8|  ap_memory |    key_8_V   |     array    |
|key_8_V_we0         | out |    1|  ap_memory |    key_8_V   |     array    |
|key_9_V_address0    | out |    4|  ap_memory |    key_9_V   |     array    |
|key_9_V_ce0         | out |    1|  ap_memory |    key_9_V   |     array    |
|key_9_V_d0          | out |    8|  ap_memory |    key_9_V   |     array    |
|key_9_V_q0          |  in |    8|  ap_memory |    key_9_V   |     array    |
|key_9_V_we0         | out |    1|  ap_memory |    key_9_V   |     array    |
|key_10_V_address0   | out |    4|  ap_memory |   key_10_V   |     array    |
|key_10_V_ce0        | out |    1|  ap_memory |   key_10_V   |     array    |
|key_10_V_d0         | out |    8|  ap_memory |   key_10_V   |     array    |
|key_10_V_q0         |  in |    8|  ap_memory |   key_10_V   |     array    |
|key_10_V_we0        | out |    1|  ap_memory |   key_10_V   |     array    |
+--------------------+-----+-----+------------+--------------+--------------+

